============================= test session starts =============================
platform win32 -- Python 3.14.3, pytest-8.4.2, pluggy-1.6.0
rootdir: C:\Users\abdub\OneLoyal\backend
configfile: pyproject.toml
testpaths: tests
plugins: anyio-4.13.0, asyncio-1.3.0
asyncio: mode=Mode.STRICT, debug=False, asyncio_default_fixture_loop_scope=None, asyncio_default_test_loop_scope=function
collected 161 items

tests\test_audit_logs_events.py .........                                [  5%]
tests\test_auth_companies_users.py .................                     [ 16%]
tests\test_campaigns_gift_tiers.py ..............                        [ 24%]
tests\test_common_primitives.py .......                                  [ 29%]
tests\test_customers_sales.py ..............                             [ 37%]
tests\test_health.py .......                                             [ 42%]
tests\test_imports_csv.py ..........                                     [ 48%]
tests\test_integrations_sync.py ..............                           [ 57%]
tests\test_moysklad_provider.py ......................                   [ 70%]
tests\test_notifications.py ......                                       [ 74%]
tests\test_ops.py ....                                                   [ 77%]
tests\test_portal_magic_links.py ........                                [ 81%]
tests\test_progress_calculation.py ..........                            [ 88%]
tests\test_reports.py ........                                           [ 93%]
tests\test_reward_claims.py ......                                       [ 96%]
